--------------------------------------------------------------------------------
Release 14.7 Trace  (nt64)
Copyright (c) 1995-2013 Xilinx, Inc.  All rights reserved.

D:\Xilinx\14.7\ISE_DS\ISE\bin\nt64\unwrapped\trce.exe -intstyle ise -v 3 -s 2
-n 3 -fastpaths -xml MyShiftRegisterBeh.twx MyShiftRegisterBeh.ncd -o
MyShiftRegisterBeh.twr MyShiftRegisterBeh.pcf

Design file:              MyShiftRegisterBeh.ncd
Physical constraint file: MyShiftRegisterBeh.pcf
Device,package,speed:     xc6slx9,ftg256,C,-2 (PRODUCTION 1.23 2013-10-13)
Report level:             verbose report

Environment Variable      Effect 
--------------------      ------ 
NONE                      No environment variables were set
--------------------------------------------------------------------------------

INFO:Timing:2698 - No timing constraints found, doing default enumeration.
INFO:Timing:3412 - To improve timing, see the Timing Closure User Guide (UG612).
INFO:Timing:2752 - To get complete path coverage, use the unconstrained paths 
   option. All paths that are not constrained will be reported in the 
   unconstrained paths section(s) of the report.
INFO:Timing:3339 - The clock-to-out numbers in this timing report are based on 
   a 50 Ohm transmission line loading model.  For the details of this model, 
   and for more information on accounting for different loading conditions, 
   please see the device datasheet.



Data Sheet report:
-----------------
All values displayed in nanoseconds (ns)

Setup/Hold to clock C
------------+------------+------------+------------+------------+------------------+--------+
            |Max Setup to|  Process   |Max Hold to |  Process   |                  | Clock  |
Source      | clk (edge) |   Corner   | clk (edge) |   Corner   |Internal Clock(s) | Phase  |
------------+------------+------------+------------+------------+------------------+--------+
D           |    1.592(F)|      SLOW  |    0.606(F)|      SLOW  |C_BUFGP           |   0.000|
E           |    1.667(F)|      SLOW  |    0.210(F)|      SLOW  |C_BUFGP           |   0.000|
R           |    1.043(F)|      SLOW  |    0.876(F)|      SLOW  |C_BUFGP           |   0.000|
------------+------------+------------+------------+------------+------------------+--------+

Clock C to Pad
------------+-----------------+------------+-----------------+------------+------------------+--------+
            |Max (slowest) clk|  Process   |Min (fastest) clk|  Process   |                  | Clock  |
Destination |  (edge) to PAD  |   Corner   |  (edge) to PAD  |   Corner   |Internal Clock(s) | Phase  |
------------+-----------------+------------+-----------------+------------+------------------+--------+
Q<0>        |         8.073(F)|      SLOW  |         3.109(F)|      FAST  |C_BUFGP           |   0.000|
Q<1>        |         8.851(F)|      SLOW  |         3.655(F)|      FAST  |C_BUFGP           |   0.000|
Q<2>        |         8.832(F)|      SLOW  |         3.621(F)|      FAST  |C_BUFGP           |   0.000|
Q<3>        |         8.990(F)|      SLOW  |         3.723(F)|      FAST  |C_BUFGP           |   0.000|
------------+-----------------+------------+-----------------+------------+------------------+--------+

Clock to Setup on destination clock C
---------------+---------+---------+---------+---------+
               | Src:Rise| Src:Fall| Src:Rise| Src:Fall|
Source Clock   |Dest:Rise|Dest:Rise|Dest:Fall|Dest:Fall|
---------------+---------+---------+---------+---------+
C              |         |         |         |    1.519|
---------------+---------+---------+---------+---------+


Analysis completed Fri Oct 23 14:31:05 2020 
--------------------------------------------------------------------------------

Trace Settings:
-------------------------
Trace Settings 

Peak Memory Usage: 4569 MB



